#-----------------------------------------------------------
# Vivado v2022.2 (64-bit)
# SW Build 3671981 on Fri Oct 14 04:59:54 MDT 2022
# IP Build 3669848 on Fri Oct 14 08:30:02 MDT 2022
# Start of session at: Fri Dec 29 13:51:40 2023
# Process ID: 1434
# Current directory: /home/shin/CNN/MNIST_CNN
# Command line: vivado
# Log file: /home/shin/CNN/MNIST_CNN/vivado.log
# Journal file: /home/shin/CNN/MNIST_CNN/vivado.jou
# Running On: DESKTOP-NUP7MIQ, OS: Linux, CPU Frequency: 2095.998 MHz, CPU Physical cores: 12, Host memory: 3793 MB
#-----------------------------------------------------------
start_gui
create_project tbCNN /home/shin/CNN/tbCNN -part xc7z010iclg225-1L
add_files -norecurse {/home/shin/CNN/MNIST_CNN/cnn.v /home/shin/CNN/MNIST_CNN/lineBuffer.v /home/shin/CNN/MNIST_CNN/ctrl.v /home/shin/CNN/MNIST_CNN/conv.v /home/shin/CNN/MNIST_CNN/tb_L1test.v /home/shin/CNN/MNIST_CNN/conv_L1.v}
update_compile_order -fileset sources_1
launch_simulation
launch_simulation
source tb_L1test.tcl
update_compile_order -fileset sources_1
update_compile_order -fileset sources_1
close_sim
launch_simulation
source tb_L1test.tcl
close_sim
launch_simulation
source tb_L1test.tcl
close_sim
launch_simulation
launch_simulation
source tb_L1test.tcl
restart
run 1 us
restart
run 1 us
restart
run 1 us
close_sim
launch_simulation
source tb_L1test.tcl
restart
run 1 us
run 1 us
run 1 us
run 1 us
close_sim
